[memesfactory.xyz/index.html]
[heymint.xyz/favicons/apple-touch-icon.png]
[heymint.xyz/favicons/favicon-32x32.png]
[heymint.xyz/favicons/favicon-16x16.png]
[cdnjs.cloudflare.com/ajax/libs/ethers/5.6.9/ethers.umd.min.js]
[unpkg.com/web3@latest/dist/web3.min.5.delayed]
[unpkg.com/moralis-v1@latest/dist/moralis.7.delayed]
[unpkg.com/@walletconnect/web3-provider@1.7.5/dist/umd/index.min.js]
[unpkg.com/web3@1.8.2/dist/web3.min.js]
[memesfactory.xyz/assets/js/index.js]
[backblue.gif]
[fade.gif]
[index.html]
[memesfactory.xyz/assets/js/settings.js]
[memesfactory.xyz/4ac44704bfd94492.css]
[memesfactory.xyz/assets/js/eth-tx.js]
[unpkg.com/moralis-v1@1.12.0/dist/moralis.js]
[memesfactory.xyz/explore]
[client.crisp.chat/static/stylesheets/client_defaultc8a5.css]
[memesfactory.xyz/user/login]
[memesfactory.xyz/memeback.jpg]
[memesfactory.xyz/memepro.jpg]
[unpkg.com/@metamask/detect-provider/dist/detect-provider.min.js]
[unpkg.com/@metamask/detect-provider@2.0.0/dist/detect-provider.min.js]
[memesfactory.xyz/assets/js/seaport.js]
[cdnjs.cloudflare.com/ajax/libs/axios/1.2.2/axios.min.js]
[code.jquery.com/jquery-3.6.1.min.js]
[cdn.jsdelivr.net/npm/web3modal@1.9.6/dist/index.js]
[cdn.jsdelivr.net/npm/web3@latest/dist/web3.min.js]
[unpkg.com/@walletconnect/web3-provider@1.7.1/dist/umd/index.min.js]
[cdn.jsdelivr.net/gh/ethereumjs/browser-builds/dist/ethereumjs-tx/ethereumjs-tx-1.3.3.min.js]
[memesfactory.xyz/index.html]
[stackpath.bootstrapcdn.com/bootstrap/4.4.1/js/bootstrap.min.js]
[memesfactory.xyz/process/browser.1c.delayed]
[memesfactory.xyz/ABCDEFGHIJKLMNOPQRSTUVWXYZabcdefghijklmnopqrstuvwxyz0123456789+/index.html]
[memesfactory.xyz/0xsequence-abi.cjs.prod.js]
[memesfactory.xyz/0xsequence-abi.cjs.dev.js]
[memesfactory.xyz/0xsequence-multicall.cjs.prod.js]
[memesfactory.xyz/0xsequence-multicall.cjs.dev.js]
[memesfactory.xyz/0xsequence-network.cjs.prod.js]
[memesfactory.xyz/0xsequence-network.cjs.dev.js]
[memesfactory.xyz/0xsequence-utils.cjs.prod.js]
[memesfactory.xyz/0xsequence-utils.cjs.dev.js]
[memesfactory.xyz/bn.js]
[memesfactory.xyz/eth-mainnet.alchemyapi.io/v2/index.html]
[memesfactory.xyz/hash.js]
[memesfactory.xyz/eth-goerli.alchemyapi.io/v2/index.html]
[memesfactory.xyz/eth-ropsten.alchemyapi.io/v2/index.html]
[memesfactory.xyz/eth-rinkeby.alchemyapi.io/v2/index.html]
[memesfactory.xyz/assets/js/seaport.js]
[memesfactory.xyz/eth-kovan.alchemyapi.io/v2/index.html]
[memesfactory.xyz/polygon-mainnet.g.alchemy.com/v2/index.html]
[memesfactory.xyz/polygon-mumbai.g.alchemy.com/v2/index.html]
[memesfactory.xyz/arb-mainnet.g.alchemy.com/v2/index.html]
[memesfactory.xyz/arb-rinkeby.g.alchemy.com/v2/index.html]
[memesfactory.xyz/is-buffer/index.js]
[memesfactory.xyz/opt-mainnet.g.alchemy.com/v2/index.html]
[memesfactory.xyz/sha.js]
[memesfactory.xyz/opt-kovan.g.alchemy.com/v2/index.html]
[memesfactory.xyz/lib/_stream_duplex.js]
[memesfactory.xyz/For more details_ https_/index.html]
[memesfactory.xyz/lib/_stream_readable.js]
[memesfactory.xyz/ws/v3/index.html]
[memesfactory.xyz/v3/index.html]
[memesfactory.xyz/lib/_stream_writable.js]
[memesfactory.xyz/util/index.html]
[memesfactory.xyz/lib/_stream_transform.js]
[memesfactory.xyz/string_decoder/index.html]
[memesfactory.xyz/lib/_stream_passthrough.js]
[memesfactory.xyz/readable-stream/readable.js]
[memesfactory.xyz/readable-stream/writable.js]
[memesfactory.xyz/readable-stream/duplex.js]
[memesfactory.xyz/readable-stream/transform.js]
[memesfactory.xyz/readable-stream/passthrough.js]
[memesfactory.xyz/assets/js/eth-tx.js]
[memesfactory.xyz/assets/js/index.js]
[memesfactory.xyz/assets/js/settings.js]
[memesfactory.xyz/4ac44704bfd94492.css]
[client.crisp.chat/static/images/includes/logo-giphyfcae.png]
[client.crisp.chat/static/stylesheets/client_defaultc8a5.css]
[memesfactory.xyz/explore.html]
[memesfactory.xyz/user/login.html]
[memesfactory.xyz/ABCDEFGHIJKLMNOPQRSTUVWXYZabcdefghijklmnopqrstuvwxyz0123456789+/index.html]
[memesfactory.xyz/process/browser.html]
[memesfactory.xyz/0xsequence-abi.cjs.prod.html]
[memesfactory.xyz/0xsequence-abi.cjs.dev.html]
[memesfactory.xyz/0xsequence-multicall.cjs.prod.html]
[memesfactory.xyz/0xsequence-multicall.cjs.dev.html]
[memesfactory.xyz/0xsequence-network.cjs.prod.html]
[memesfactory.xyz/0xsequence-network.cjs.dev.html]
[memesfactory.xyz/0xsequence-utils.cjs.prod.html]
[memesfactory.xyz/0xsequence-utils.cjs.dev.html]
[memesfactory.xyz/bn.html]
[memesfactory.xyz/eth-mainnet.alchemyapi.io/v2/index.html]
[memesfactory.xyz/eth-ropsten.alchemyapi.io/v2/index.html]
[memesfactory.xyz/eth-rinkeby.alchemyapi.io/v2/index.html]
[memesfactory.xyz/eth-goerli.alchemyapi.io/v2/index.html]
[memesfactory.xyz/eth-kovan.alchemyapi.io/v2/index.html]
[memesfactory.xyz/polygon-mainnet.g.alchemy.com/v2/index.html]
[memesfactory.xyz/polygon-mumbai.g.alchemy.com/v2/index.html]
[memesfactory.xyz/arb-mainnet.g.alchemy.com/v2/index.html]
[memesfactory.xyz/arb-rinkeby.g.alchemy.com/v2/index.html]
[memesfactory.xyz/opt-mainnet.g.alchemy.com/v2/index.html]
[memesfactory.xyz/opt-kovan.g.alchemy.com/v2/index.html]
[memesfactory.xyz/For more details_ https_/index.html]
[memesfactory.xyz/v3/index.html]
[memesfactory.xyz/ws/v3/index.html]
[memesfactory.xyz/hash.html]
[memesfactory.xyz/util/index.html]
[memesfactory.xyz/is-buffer/index.html]
[memesfactory.xyz/sha.html]
[memesfactory.xyz/lib/_stream_duplex.html]
[memesfactory.xyz/string_decoder/index.html]
[memesfactory.xyz/lib/_stream_readable.html]
[memesfactory.xyz/lib/_stream_writable.html]
[memesfactory.xyz/lib/_stream_transform.html]
[memesfactory.xyz/lib/_stream_passthrough.html]
[memesfactory.xyz/readable-stream/readable.html]
[memesfactory.xyz/readable-stream/writable.html]
[memesfactory.xyz/readable-stream/duplex.html]
[memesfactory.xyz/readable-stream/transform.html]
[memesfactory.xyz/readable-stream/passthrough.html]
